$ git status
On branch main
Your branch is up to date with 'origin/main'.

Untracked files:
  (use "git add <file>..." to include in what will be committed)
        2style.css
        Hire me.html
        grid.html
        icons/
        images/
        index.html
        style.css

nothing added to commit but untracked files present (use "git add" to track)

spatha1@IN-2JWKW33 MINGW64 ~/FrontEnd-Friendly (main)
$ git add .

spatha1@IN-2JWKW33 MINGW64 ~/FrontEnd-Friendly (main)
$ git commit -m "jkjkjkjkjk"
[main bdeb861] Adding code
 18 files changed, 881 insertions(+)
 create mode 100644 2style.css
 create mode 100644 Hire me.html
 create mode 100644 grid.html
 create mode 100644 icons/fb icon.png
 create mode 100644 icons/insta icon.png
 create mode 100644 icons/youtube.png
 create mode 100644 images/arrow.png
 create mode 100644 images/fb icon.png
 create mode 100644 images/house.jpg
 create mode 100644 images/insta icon.png
 create mode 100644 images/logo.png
 create mode 100644 images/menu icon.png
 create mode 100644 images/study.jpg
 create mode 100644 images/wasim.png
 create mode 100644 images/web.png
 create mode 100644 images/youtube.png
 create mode 100644 index.html
 create mode 100644 style.css

spatha1@IN-2JWKW33 MINGW64 ~/FrontEnd-Friendly (main)
$ git push -u origin main
Enumerating objects: 23, done.
Counting objects: 100% (23/23), done.
Delta compression using up to 12 threads
Compressing objects: 100% (22/22), done.
Writing objects: 100% (22/22), 955.66 KiB | 7.03 MiB/s, done.
Total 22 (delta 1), reused 0 (delta 0), pack-reused 0
remote: Resolving deltas: 100% (1/1), done.
To https://github.com/Beaineboy/FrontEnd-Friendly.git
   c5ab9ae..bdeb861  main -> main
Branch 'main' set up to track remote branch 'main' from 'origin'.
